==============================================================================
Tests                                                                         
==============================================================================
Tests.Testcases2                                                              
==============================================================================
TCC-002 Ceramic mug checkout without autocomplete                     | PASS |
------------------------------------------------------------------------------
Tests.Testcases2                                                      | PASS |
1 test, 1 passed, 0 failed
==============================================================================
Tests                                                                 | PASS |
1 test, 1 passed, 0 failed
==============================================================================
Output:  C:\Users\JurnJ\OneDrive\Desktop\Doppiotest\tests\pabot_results\1\output.xml
