==============================================================================
Tests                                                                         
==============================================================================
Tests.Testcases                                                               
==============================================================================
TCC-001 Auto Complete Mug Checkout                                    | PASS |
------------------------------------------------------------------------------
Tests.Testcases                                                       | PASS |
1 test, 1 passed, 0 failed
==============================================================================
Tests                                                                 | PASS |
1 test, 1 passed, 0 failed
==============================================================================
Output:  C:\Users\JurnJ\OneDrive\Desktop\Doppiotest\tests\pabot_results\0\output.xml
